I'm sorry, but errors were detected in your script. Please correct the
errors listed below, and try again.


File "game/script.rpy", line 21: expected statement.
    zoom 0.5
          ^

Ren'Py Version: Ren'Py 8.3.7.25031702
Wed Jul 23 04:03:28 2025
